// Jest Snapshot v1, https://goo.gl/fbAQLP

exports[`Searchbar should match snapshot 1`] = `
<div>
  <form>
    <input
      class="search-input"
      id="search"
      name="search"
      placeholder="Search city weather..."
      required=""
      type="text"
      value=""
    />
    <button
      class="submit-btn cursor-none"
      type="submit"
    >
      Search
    </button>
  </form>
</div>
`;
